{
  "id": "",
  "url": "https://example.com",
  "symptoms": {},
  "domSnippet": ""
}
